Microsoft Windows [Version 10.0.26100.4652]
(c) Microsoft Corporation. All rights reserved.

D:\PROJECTS\valorant_highlight_agent>python -version
Unknown option: -e
usage: python [option] ... [-c cmd | -m mod | file | -] [arg] ...
Try `python -h' for more information.

D:\PROJECTS\valorant_highlight_agent>python
Python 3.12.10 (tags/v3.12.10:0cc8128, Apr  8 2025, 12:21:36) [MSC v.1943 64 bit (AMD64)] on win32
Type "help", "copyright", "credits" or "license" for more information.
>>> ^X
KeyboardInterrupt
>>> ^Z^X
KeyboardInterrupt
>>> ^Z^X
KeyboardInterrupt
>>> ^Z^X
KeyboardInterrupt
>>> exit
Use exit() or Ctrl-Z plus Return to exit
>>> ^Z^Z^Z^Z


D:\PROJECTS\valorant_highlight_agent>
D:\PROJECTS\valorant_highlight_agent>
D:\PROJECTS\valorant_highlight_agent>
D:\PROJECTS\valorant_highlight_agent>
D:\PROJECTS\valorant_highlight_agent>pip install -r requirements.txt
Defaulting to user installation because normal site-packages is not writeable
Collecting opencv-python (from -r requirements.txt (line 1))
  Using cached opencv_python-4.12.0.88-cp37-abi3-win_amd64.whl.metadata (19 kB)
Collecting numpy (from -r requirements.txt (line 2))
  Downloading numpy-2.3.2-cp312-cp312-win_amd64.whl.metadata (60 kB)
Collecting pytube (from -r requirements.txt (line 3))
  Downloading pytube-15.0.0-py3-none-any.whl.metadata (5.0 kB)
Collecting google-api-python-client (from -r requirements.txt (line 4))
  Downloading google_api_python_client-2.179.0-py3-none-any.whl.metadata (7.0 kB)
Collecting google-auth-httplib2 (from -r requirements.txt (line 5))
  Downloading google_auth_httplib2-0.2.0-py2.py3-none-any.whl.metadata (2.2 kB)
Collecting google-auth-oauthlib (from -r requirements.txt (line 6))
  Downloading google_auth_oauthlib-1.2.2-py3-none-any.whl.metadata (2.7 kB)
Collecting pyyaml (from -r requirements.txt (line 7))
  Downloading PyYAML-6.0.2-cp312-cp312-win_amd64.whl.metadata (2.1 kB)
Collecting numpy (from -r requirements.txt (line 2))
  Downloading numpy-2.2.6-cp312-cp312-win_amd64.whl.metadata (60 kB)
Collecting httplib2<1.0.0,>=0.19.0 (from google-api-python-client->-r requirements.txt (line 4))
  Downloading httplib2-0.22.0-py3-none-any.whl.metadata (2.6 kB)
Collecting google-auth!=2.24.0,!=2.25.0,<3.0.0,>=1.32.0 (from google-api-python-client->-r requirements.txt (line 4))
  Downloading google_auth-2.40.3-py2.py3-none-any.whl.metadata (6.2 kB)
Collecting google-api-core!=2.0.*,!=2.1.*,!=2.2.*,!=2.3.0,<3.0.0,>=1.31.5 (from google-api-python-client->-r requirements.txt (line 4))
  Downloading google_api_core-2.25.1-py3-none-any.whl.metadata (3.0 kB)
Collecting uritemplate<5,>=3.0.1 (from google-api-python-client->-r requirements.txt (line 4))
  Downloading uritemplate-4.2.0-py3-none-any.whl.metadata (2.6 kB)
Collecting requests-oauthlib>=0.7.0 (from google-auth-oauthlib->-r requirements.txt (line 6))
  Downloading requests_oauthlib-2.0.0-py2.py3-none-any.whl.metadata (11 kB)
Collecting googleapis-common-protos<2.0.0,>=1.56.2 (from google-api-core!=2.0.*,!=2.1.*,!=2.2.*,!=2.3.0,<3.0.0,>=1.31.5->google-api-python-client->-r requirements.txt (line 4))
  Downloading googleapis_common_protos-1.70.0-py3-none-any.whl.metadata (9.3 kB)
Collecting protobuf!=3.20.0,!=3.20.1,!=4.21.0,!=4.21.1,!=4.21.2,!=4.21.3,!=4.21.4,!=4.21.5,<7.0.0,>=3.19.5 (from google-api-core!=2.0.*,!=2.1.*,!=2.2.*,!=2.3.0,<3.0.0,>=1.31.5->google-api-python-client->-r requirements.txt (line 4))
  Downloading protobuf-6.32.0-cp310-abi3-win_amd64.whl.metadata (593 bytes)
Collecting proto-plus<2.0.0,>=1.22.3 (from google-api-core!=2.0.*,!=2.1.*,!=2.2.*,!=2.3.0,<3.0.0,>=1.31.5->google-api-python-client->-r requirements.txt (line 4))
  Downloading proto_plus-1.26.1-py3-none-any.whl.metadata (2.2 kB)
Collecting requests<3.0.0,>=2.18.0 (from google-api-core!=2.0.*,!=2.1.*,!=2.2.*,!=2.3.0,<3.0.0,>=1.31.5->google-api-python-client->-r requirements.txt (line 4))
  Using cached requests-2.32.5-py3-none-any.whl.metadata (4.9 kB)
Collecting cachetools<6.0,>=2.0.0 (from google-auth!=2.24.0,!=2.25.0,<3.0.0,>=1.32.0->google-api-python-client->-r requirements.txt (line 4))
  Downloading cachetools-5.5.2-py3-none-any.whl.metadata (5.4 kB)
Collecting pyasn1-modules>=0.2.1 (from google-auth!=2.24.0,!=2.25.0,<3.0.0,>=1.32.0->google-api-python-client->-r requirements.txt (line 4))
  Downloading pyasn1_modules-0.4.2-py3-none-any.whl.metadata (3.5 kB)
Collecting rsa<5,>=3.1.4 (from google-auth!=2.24.0,!=2.25.0,<3.0.0,>=1.32.0->google-api-python-client->-r requirements.txt (line 4))
  Downloading rsa-4.9.1-py3-none-any.whl.metadata (5.6 kB)
Collecting pyparsing!=3.0.0,!=3.0.1,!=3.0.2,!=3.0.3,<4,>=2.4.2 (from httplib2<1.0.0,>=0.19.0->google-api-python-client->-r requirements.txt (line 4))
  Downloading pyparsing-3.2.3-py3-none-any.whl.metadata (5.0 kB)
Collecting oauthlib>=3.0.0 (from requests-oauthlib>=0.7.0->google-auth-oauthlib->-r requirements.txt (line 6))
  Downloading oauthlib-3.3.1-py3-none-any.whl.metadata (7.9 kB)
Collecting pyasn1<0.7.0,>=0.6.1 (from pyasn1-modules>=0.2.1->google-auth!=2.24.0,!=2.25.0,<3.0.0,>=1.32.0->google-api-python-client->-r requirements.txt (line 4))
  Downloading pyasn1-0.6.1-py3-none-any.whl.metadata (8.4 kB)
Collecting charset_normalizer<4,>=2 (from requests<3.0.0,>=2.18.0->google-api-core!=2.0.*,!=2.1.*,!=2.2.*,!=2.3.0,<3.0.0,>=1.31.5->google-api-python-client->-r requirements.txt (line 4))
  Downloading charset_normalizer-3.4.3-cp312-cp312-win_amd64.whl.metadata (37 kB)
Collecting idna<4,>=2.5 (from requests<3.0.0,>=2.18.0->google-api-core!=2.0.*,!=2.1.*,!=2.2.*,!=2.3.0,<3.0.0,>=1.31.5->google-api-python-client->-r requirements.txt (line 4))
  Using cached idna-3.10-py3-none-any.whl.metadata (10 kB)
Collecting urllib3<3,>=1.21.1 (from requests<3.0.0,>=2.18.0->google-api-core!=2.0.*,!=2.1.*,!=2.2.*,!=2.3.0,<3.0.0,>=1.31.5->google-api-python-client->-r requirements.txt (line 4))
  Using cached urllib3-2.5.0-py3-none-any.whl.metadata (6.5 kB)
Collecting certifi>=2017.4.17 (from requests<3.0.0,>=2.18.0->google-api-core!=2.0.*,!=2.1.*,!=2.2.*,!=2.3.0,<3.0.0,>=1.31.5->google-api-python-client->-r requirements.txt (line 4))
  Using cached certifi-2025.8.3-py3-none-any.whl.metadata (2.4 kB)
Using cached opencv_python-4.12.0.88-cp37-abi3-win_amd64.whl (39.0 MB)
Downloading numpy-2.2.6-cp312-cp312-win_amd64.whl (12.6 MB)
   ━━━━━━━━━━━━━━━━━━━━━━━━━━━━━━━━━━━━━━━━ 12.6/12.6 MB 22.0 MB/s eta 0:00:00
Downloading pytube-15.0.0-py3-none-any.whl (57 kB)
Downloading google_api_python_client-2.179.0-py3-none-any.whl (14.0 MB)
   ━━━━━━━━━━━━━━━━━━━━━━━━━━━━━━━━━━━━━━━━ 14.0/14.0 MB 30.2 MB/s eta 0:00:00
Downloading google_auth_httplib2-0.2.0-py2.py3-none-any.whl (9.3 kB)
Downloading google_auth_oauthlib-1.2.2-py3-none-any.whl (19 kB)
Downloading PyYAML-6.0.2-cp312-cp312-win_amd64.whl (156 kB)
Downloading google_api_core-2.25.1-py3-none-any.whl (160 kB)
Downloading google_auth-2.40.3-py2.py3-none-any.whl (216 kB)
Downloading httplib2-0.22.0-py3-none-any.whl (96 kB)
Downloading requests_oauthlib-2.0.0-py2.py3-none-any.whl (24 kB)
Downloading uritemplate-4.2.0-py3-none-any.whl (11 kB)
Downloading cachetools-5.5.2-py3-none-any.whl (10 kB)
Downloading googleapis_common_protos-1.70.0-py3-none-any.whl (294 kB)
Downloading oauthlib-3.3.1-py3-none-any.whl (160 kB)
Downloading proto_plus-1.26.1-py3-none-any.whl (50 kB)
Downloading protobuf-6.32.0-cp310-abi3-win_amd64.whl (435 kB)
Downloading pyasn1_modules-0.4.2-py3-none-any.whl (181 kB)
Downloading pyparsing-3.2.3-py3-none-any.whl (111 kB)
Using cached requests-2.32.5-py3-none-any.whl (64 kB)
Downloading rsa-4.9.1-py3-none-any.whl (34 kB)
Using cached certifi-2025.8.3-py3-none-any.whl (161 kB)
Downloading charset_normalizer-3.4.3-cp312-cp312-win_amd64.whl (107 kB)
Using cached idna-3.10-py3-none-any.whl (70 kB)
Downloading pyasn1-0.6.1-py3-none-any.whl (83 kB)
Using cached urllib3-2.5.0-py3-none-any.whl (129 kB)
Installing collected packages: urllib3, uritemplate, pyyaml, pytube, pyparsing, pyasn1, protobuf, oauthlib, numpy, idna, charset_normalizer, certifi, cachetools, rsa, requests, pyasn1-modules, proto-plus, opencv-python, httplib2, googleapis-common-protos, requests-oauthlib, google-auth, google-auth-oauthlib, google-auth-httplib2, google-api-core, google-api-python-client
  WARNING: The script pytube.exe is installed in 'C:\Users\admin\AppData\Local\Packages\PythonSoftwareFoundation.Python.3.12_qbz5n2kfra8p0\LocalCache\local-packages\Python312\Scripts' which is not on PATH.
  Consider adding this directory to PATH or, if you prefer to suppress this warning, use --no-warn-script-location.
  WARNING: The scripts f2py.exe and numpy-config.exe are installed in 'C:\Users\admin\AppData\Local\Packages\PythonSoftwareFoundation.Python.3.12_qbz5n2kfra8p0\LocalCache\local-packages\Python312\Scripts' which is not on PATH.
  Consider adding this directory to PATH or, if you prefer to suppress this warning, use --no-warn-script-location.
  WARNING: The script normalizer.exe is installed in 'C:\Users\admin\AppData\Local\Packages\PythonSoftwareFoundation.Python.3.12_qbz5n2kfra8p0\LocalCache\local-packages\Python312\Scripts' which is not on PATH.
  Consider adding this directory to PATH or, if you prefer to suppress this warning, use --no-warn-script-location.
  WARNING: The scripts pyrsa-decrypt.exe, pyrsa-encrypt.exe, pyrsa-keygen.exe, pyrsa-priv2pub.exe, pyrsa-sign.exe and pyrsa-verify.exe are installed in 'C:\Users\admin\AppData\Local\Packages\PythonSoftwareFoundation.Python.3.12_qbz5n2kfra8p0\LocalCache\local-packages\Python312\Scripts' which is not on PATH.
  Consider adding this directory to PATH or, if you prefer to suppress this warning, use --no-warn-script-location.
  WARNING: The script google-oauthlib-tool.exe is installed in 'C:\Users\admin\AppData\Local\Packages\PythonSoftwareFoundation.Python.3.12_qbz5n2kfra8p0\LocalCache\local-packages\Python312\Scripts' which is not on PATH.
  Consider adding this directory to PATH or, if you prefer to suppress this warning, use --no-warn-script-location.
Successfully installed cachetools-5.5.2 certifi-2025.8.3 charset_normalizer-3.4.3 google-api-core-2.25.1 google-api-python-client-2.179.0 google-auth-2.40.3 google-auth-httplib2-0.2.0 google-auth-oauthlib-1.2.2 googleapis-common-protos-1.70.0 httplib2-0.22.0 idna-3.10 numpy-2.2.6 oauthlib-3.3.1 opencv-python-4.12.0.88 proto-plus-1.26.1 protobuf-6.32.0 pyasn1-0.6.1 pyasn1-modules-0.4.2 pyparsing-3.2.3 pytube-15.0.0 pyyaml-6.0.2 requests-2.32.5 requests-oauthlib-2.0.0 rsa-4.9.1 uritemplate-4.2.0 urllib3-2.5.0

[notice] A new release of pip is available: 25.0.1 -> 25.2
[notice] To update, run: C:\Users\admin\AppData\Local\Microsoft\WindowsApps\PythonSoftwareFoundation.Python.3.12_qbz5n2kfra8p0\python.exe -m pip install --upgrade pip

D:\PROJECTS\valorant_highlight_agent>
D:\PROJECTS\valorant_highlight_agent>
D:\PROJECTS\valorant_highlight_agent>
D:\PROJECTS\valorant_highlight_agent>
D:\PROJECTS\valorant_highlight_agent>python -m agent.main --config configs/config.yaml

D:\PROJECTS\valorant_highlight_agent>python -m agent.main --config configs/config.yaml

D:\PROJECTS\valorant_highlight_agent>python -m agent.main --config configs/config.yaml

D:\PROJECTS\valorant_highlight_agent>python -m agent.main --config configs/config.yaml
[INFO] Loading config from: configs/config.yaml
[INFO] Input video: videos/match1.mp4
[INFO] Output folder: output
[INFO] Starting highlight detection...
[DETECTOR] Opening video: videos/match1.mp4
[ERROR] Could not open video: videos/match1.mp4
[INFO] Detected 0 highlight(s).
[WARNING] No highlights were detected. Try lowering the threshold in config.yaml.

D:\PROJECTS\valorant_highlight_agent>python -m agent.main --config configs/config.yaml
[INFO] Loading config from: configs/config.yaml
[INFO] Input video: videos/match1.mp4
[INFO] Output folder: output
[INFO] Starting highlight detection...
[DETECTOR] Opening video: videos/match1.mp4
[ERROR] Could not open video: videos/match1.mp4
[INFO] Detected 0 highlight(s).
[WARNING] No highlights were detected. Try lowering the threshold in config.yaml.

D:\PROJECTS\valorant_highlight_agent>python -m agent.main --config configs/config.yaml
[INFO] Loading config from: configs/config.yaml
[INFO] Input video: videos/match1.mp4
[INFO] Output folder: output
[INFO] Starting highlight detection...
[DETECTOR] Opening video: videos/match1.mp4
[ERROR] Could not open video: videos/match1.mp4
[INFO] Detected 0 highlight(s).
[WARNING] No highlights were detected. Try lowering the threshold in config.yaml.

D:\PROJECTS\valorant_highlight_agent>python -m agent.main --config configs/config.yaml
[INFO] Loading config from: configs/config.yaml
[INFO] Input video: videos/match1.mp4
[INFO] Output folder: output
[INFO] Starting highlight detection...
[DETECTOR] Opening video: videos/match1.mp4
[DETECTOR] FPS: 28, Total Frames: 40174, Duration: 1434.79s
[DETECTOR] 11 clip(s) selected based on motion score threshold.
[INFO] Detected 11 highlight(s).
[INFO] Saving clip 1: start=100.29s, end=101.00s
[CLIPPER] Running FFmpeg: clip 1, duration=0.71s
Traceback (most recent call last):
  File "<frozen runpy>", line 198, in _run_module_as_main
  File "<frozen runpy>", line 88, in _run_code
  File "D:\PROJECTS\valorant_highlight_agent\agent\main.py", line 52, in <module>
    main(args.config)
  File "D:\PROJECTS\valorant_highlight_agent\agent\main.py", line 38, in main
    clip_path = saver.save_clip(input_video, start, end, idx)
                ^^^^^^^^^^^^^^^^^^^^^^^^^^^^^^^^^^^^^^^^^^^^^
  File "D:\PROJECTS\valorant_highlight_agent\agent\clipper.py", line 17, in save_clip
    subprocess.run(cmd, stdout=subprocess.DEVNULL, stderr=subprocess.DEVNULL)
  File "C:\Program Files\WindowsApps\PythonSoftwareFoundation.Python.3.12_3.12.2800.0_x64__qbz5n2kfra8p0\Lib\subprocess.py", line 548, in run
    with Popen(*popenargs, **kwargs) as process:
         ^^^^^^^^^^^^^^^^^^^^^^^^^^^
  File "C:\Program Files\WindowsApps\PythonSoftwareFoundation.Python.3.12_3.12.2800.0_x64__qbz5n2kfra8p0\Lib\subprocess.py", line 1026, in __init__
    self._execute_child(args, executable, preexec_fn, close_fds,
  File "C:\Program Files\WindowsApps\PythonSoftwareFoundation.Python.3.12_3.12.2800.0_x64__qbz5n2kfra8p0\Lib\subprocess.py", line 1538, in _execute_child
    hp, ht, pid, tid = _winapi.CreateProcess(executable, args,
                       ^^^^^^^^^^^^^^^^^^^^^^^^^^^^^^^^^^^^^^^
FileNotFoundError: [WinError 2] The system cannot find the file specified

D:\PROJECTS\valorant_highlight_agent>
D:\PROJECTS\valorant_highlight_agent>
D:\PROJECTS\valorant_highlight_agent>
D:\PROJECTS\valorant_highlight_agent>
D:\PROJECTS\valorant_highlight_agent>
D:\PROJECTS\valorant_highlight_agent>
D:\PROJECTS\valorant_highlight_agent>python -m agent.main --config configs/config.yaml
[INFO] Loading config from: configs/config.yaml
[INFO] Input video: videos/match1.mp4
[INFO] Output folder: output
[INFO] Starting highlight detection...
[DETECTOR] Opening video: videos/match1.mp4
[DETECTOR] FPS: 28, Total Frames: 40174, Duration: 1434.79s
[DETECTOR] 11 clip(s) selected based on motion score threshold.
[INFO] Detected 11 highlight(s).
[INFO] Saving clip 1: start=100.29s, end=101.00s
[CLIPPER] Running FFmpeg: clip 1, duration=0.71s
Traceback (most recent call last):
  File "<frozen runpy>", line 198, in _run_module_as_main
  File "<frozen runpy>", line 88, in _run_code
  File "D:\PROJECTS\valorant_highlight_agent\agent\main.py", line 52, in <module>
    main(args.config)
  File "D:\PROJECTS\valorant_highlight_agent\agent\main.py", line 38, in main
    clip_path = saver.save_clip(input_video, start, end, idx)
                ^^^^^^^^^^^^^^^^^^^^^^^^^^^^^^^^^^^^^^^^^^^^^
  File "D:\PROJECTS\valorant_highlight_agent\agent\clipper.py", line 17, in save_clip
    subprocess.run(cmd, stdout=subprocess.DEVNULL, stderr=subprocess.DEVNULL)
  File "C:\Program Files\WindowsApps\PythonSoftwareFoundation.Python.3.12_3.12.2800.0_x64__qbz5n2kfra8p0\Lib\subprocess.py", line 548, in run
    with Popen(*popenargs, **kwargs) as process:
         ^^^^^^^^^^^^^^^^^^^^^^^^^^^
  File "C:\Program Files\WindowsApps\PythonSoftwareFoundation.Python.3.12_3.12.2800.0_x64__qbz5n2kfra8p0\Lib\subprocess.py", line 1026, in __init__
    self._execute_child(args, executable, preexec_fn, close_fds,
  File "C:\Program Files\WindowsApps\PythonSoftwareFoundation.Python.3.12_3.12.2800.0_x64__qbz5n2kfra8p0\Lib\subprocess.py", line 1538, in _execute_child
    hp, ht, pid, tid = _winapi.CreateProcess(executable, args,
                       ^^^^^^^^^^^^^^^^^^^^^^^^^^^^^^^^^^^^^^^
FileNotFoundError: [WinError 2] The system cannot find the file specified

D:\PROJECTS\valorant_highlight_agent>ffmpeg -version
'ffmpeg' is not recognized as an internal or external command,
operable program or batch file.

D:\PROJECTS\valorant_highlight_agent>ffmpeg -version
'ffmpeg' is not recognized as an internal or external command,
operable program or batch file.

D:\PROJECTS\valorant_highlight_agent>python -m agent.main --config configs/config.yaml
[INFO] Loading config from: configs/config.yaml
[INFO] Input video: videos/match1.mp4
[INFO] Output folder: output
[INFO] Starting highlight detection...
[DETECTOR] Opening video: videos/match1.mp4
[DETECTOR] FPS: 28, Total Frames: 40174, Duration: 1434.79s
[DETECTOR] 11 clip(s) selected based on motion score threshold.
[INFO] Detected 11 highlight(s).
[INFO] Saving clip 1: start=100.29s, end=101.00s
[CLIPPER] Running FFmpeg: clip 1, duration=0.71s
Traceback (most recent call last):
  File "<frozen runpy>", line 198, in _run_module_as_main
  File "<frozen runpy>", line 88, in _run_code
  File "D:\PROJECTS\valorant_highlight_agent\agent\main.py", line 52, in <module>
    main(args.config)
  File "D:\PROJECTS\valorant_highlight_agent\agent\main.py", line 38, in main
    clip_path = saver.save_clip(input_video, start, end, idx)
                ^^^^^^^^^^^^^^^^^^^^^^^^^^^^^^^^^^^^^^^^^^^^^
  File "D:\PROJECTS\valorant_highlight_agent\agent\clipper.py", line 17, in save_clip
    subprocess.run(cmd, stdout=subprocess.DEVNULL, stderr=subprocess.DEVNULL)
  File "C:\Program Files\WindowsApps\PythonSoftwareFoundation.Python.3.12_3.12.2800.0_x64__qbz5n2kfra8p0\Lib\subprocess.py", line 548, in run
    with Popen(*popenargs, **kwargs) as process:
         ^^^^^^^^^^^^^^^^^^^^^^^^^^^
  File "C:\Program Files\WindowsApps\PythonSoftwareFoundation.Python.3.12_3.12.2800.0_x64__qbz5n2kfra8p0\Lib\subprocess.py", line 1026, in __init__
    self._execute_child(args, executable, preexec_fn, close_fds,
  File "C:\Program Files\WindowsApps\PythonSoftwareFoundation.Python.3.12_3.12.2800.0_x64__qbz5n2kfra8p0\Lib\subprocess.py", line 1538, in _execute_child
    hp, ht, pid, tid = _winapi.CreateProcess(executable, args,
                       ^^^^^^^^^^^^^^^^^^^^^^^^^^^^^^^^^^^^^^^
FileNotFoundError: [WinError 2] The system cannot find the file specified


























Windows PowerShell
Copyright (C) Microsoft Corporation. All rights reserved.

Install the latest PowerShell for new features and improvements! https://aka.ms/PSWindows

PS D:\PROJECTS\valorant_highlight_agent> python -m agent.main --config configs/config.yaml
[INFO] Loading config from: configs/config.yaml
[INFO] Input video: videos/match1.mp4
[INFO] Output folder: output
[INFO] Starting highlight detection...
[DETECTOR] Opening video: videos/match1.mp4
[DETECTOR] FPS: 28, Total Frames: 40174, Duration: 1434.79s
[DETECTOR] 11 clip(s) selected based on motion score threshold.
[INFO] Detected 11 highlight(s).
[INFO] Saving clip 1: start=100.29s, end=101.00s
[CLIPPER] Running FFmpeg: clip 1, duration=0.71s
[INFO] Saved: output\clip_01.mp4
[INFO] Saving clip 2: start=104.71s, end=105.43s
[CLIPPER] Running FFmpeg: clip 2, duration=0.71s
[INFO] Saved: output\clip_02.mp4
[INFO] Saving clip 3: start=401.50s, end=402.21s
[CLIPPER] Running FFmpeg: clip 3, duration=0.71s
[INFO] Saved: output\clip_03.mp4
[INFO] Saving clip 4: start=584.54s, end=585.25s
[CLIPPER] Running FFmpeg: clip 4, duration=0.71s
[INFO] Saved: output\clip_04.mp4
[INFO] Saving clip 5: start=751.50s, end=752.21s
[CLIPPER] Running FFmpeg: clip 5, duration=0.71s
[INFO] Saved: output\clip_05.mp4
[INFO] Saving clip 6: start=1180.86s, end=1181.57s
[CLIPPER] Running FFmpeg: clip 6, duration=0.71s
[INFO] Saved: output\clip_06.mp4
[INFO] Saving clip 7: start=1181.18s, end=1181.89s
[CLIPPER] Running FFmpeg: clip 7, duration=0.71s
[INFO] Saved: output\clip_07.mp4
[INFO] Saving clip 8: start=1333.46s, end=1334.18s
[CLIPPER] Running FFmpeg: clip 8, duration=0.71s
[INFO] Saved: output\clip_08.mp4
[INFO] Saving clip 9: start=1333.57s, end=1334.29s
[CLIPPER] Running FFmpeg: clip 9, duration=0.71s
[INFO] Saved: output\clip_09.mp4
[INFO] Saving clip 10: start=1430.93s, end=1431.64s
[CLIPPER] Running FFmpeg: clip 10, duration=0.71s
[INFO] Saved: output\clip_10.mp4
[INFO] Saving clip 11: start=1431.00s, end=1431.71s
[CLIPPER] Running FFmpeg: clip 11, duration=0.71s
[INFO] Saved: output\clip_11.mp4
PS D:\PROJECTS\valorant_highlight_agent>
PS D:\PROJECTS\valorant_highlight_agent>
PS D:\PROJECTS\valorant_highlight_agent>
PS D:\PROJECTS\valorant_highlight_agent>
PS D:\PROJECTS\valorant_highlight_agent>
PS D:\PROJECTS\valorant_highlight_agent> python -m agent.main --config configs/config.yaml
[INFO] Loading config from: configs/config.yaml
[INFO] Input video: videos/match1.mp4
[INFO] Output folder: output
[INFO] Starting highlight detection...
[DETECTOR] Opening video: videos/match1.mp4
[DETECTOR] FPS: 28, Total Frames: 40174, Duration: 1434.79s
[DETECTOR] 2 clip(s) selected based on motion score threshold.
[INFO] Detected 2 highlight(s).
[INFO] Saving clip 1: start=99.04s, end=102.25s
[CLIPPER] Running FFmpeg: clip 1, duration=3.21s
[INFO] Saved: output\clip_01.mp4
[INFO] Saving clip 2: start=400.25s, end=403.46s
[CLIPPER] Running FFmpeg: clip 2, duration=3.21s
[INFO] Saved: output\clip_02.mp4
PS D:\PROJECTS\valorant_highlight_agent>
PS D:\PROJECTS\valorant_highlight_agent>
PS D:\PROJECTS\valorant_highlight_agent>
PS D:\PROJECTS\valorant_highlight_agent>
PS D:\PROJECTS\valorant_highlight_agent>
PS D:\PROJECTS\valorant_highlight_agent>
PS D:\PROJECTS\valorant_highlight_agent>
PS D:\PROJECTS\valorant_highlight_agent> python -m agent.main --config configs/config.yaml
[INFO] Loading config from: configs/config.yaml
[INFO] Input video: videos/match1.mp4
[INFO] Output folder: output
[INFO] Starting highlight detection...
Traceback (most recent call last):
  File "<frozen runpy>", line 198, in _run_module_as_main
  File "<frozen runpy>", line 88, in _run_code
  File "D:\PROJECTS\valorant_highlight_agent\agent\main.py", line 52, in <module>
    main(args.config)
  File "D:\PROJECTS\valorant_highlight_agent\agent\main.py", line 22, in main
    clips = detector.detect(input_video)
            ^^^^^^^^^^^^^^^^^^^^^^^^^^^^
  File "D:\PROJECTS\valorant_highlight_agent\agent\detector.py", line 23, in detect
    ret, frame = cap.read()
                 ^^^^^^^^^^
KeyboardInterrupt
PS D:\PROJECTS\valorant_highlight_agent> ^C
PS D:\PROJECTS\valorant_highlight_agent> ^C
PS D:\PROJECTS\valorant_highlight_agent> ^C
PS D:\PROJECTS\valorant_highlight_agent>
PS D:\PROJECTS\valorant_highlight_agent>
PS D:\PROJECTS\valorant_highlight_agent>
PS D:\PROJECTS\valorant_highlight_agent>
PS D:\PROJECTS\valorant_highlight_agent>
PS D:\PROJECTS\valorant_highlight_agent>
PS D:\PROJECTS\valorant_highlight_agent>
PS D:\PROJECTS\valorant_highlight_agent>
PS D:\PROJECTS\valorant_highlight_agent> python -m agent.main --config configs/config.yaml
[INFO] Loading config from: configs/config.yaml
[INFO] Input video: videos/match1.mp4
[INFO] Output folder: output
[INFO] Starting highlight detection...
[INFO] Detected 2 highlight(s).
[INFO] Saving clip 1: start=53.51s, end=143.51s
[CLIPPER] Running FFmpeg: clip 1, duration=90.00s
[INFO] Saved: output\clip_01.mp4
[INFO] Saving clip 2: start=348.33s, end=438.33s
[CLIPPER] Running FFmpeg: clip 2, duration=90.00s
[INFO] Saved: output\clip_02.mp4
PS D:\PROJECTS\valorant_highlight_agent>
PS D:\PROJECTS\valorant_highlight_agent>
PS D:\PROJECTS\valorant_highlight_agent>
PS D:\PROJECTS\valorant_highlight_agent>
PS D:\PROJECTS\valorant_highlight_agent>
PS D:\PROJECTS\valorant_highlight_agent>
PS D:\PROJECTS\valorant_highlight_agent>
PS D:\PROJECTS\valorant_highlight_agent>
PS D:\PROJECTS\valorant_highlight_agent>
PS D:\PROJECTS\valorant_highlight_agent>
PS D:\PROJECTS\valorant_highlight_agent>
PS D:\PROJECTS\valorant_highlight_agent>
PS D:\PROJECTS\valorant_highlight_agent>
PS D:\PROJECTS\valorant_highlight_agent>
PS D:\PROJECTS\valorant_highlight_agent>
PS D:\PROJECTS\valorant_highlight_agent> python -m agent.main --config configs/config.yaml
[INFO] Loading config from: configs/config.yaml
[INFO] Input video: videos/match1.mp4
[INFO] Output folder: output
[INFO] Starting highlight detection...
[INFO] Detected 3 highlight(s).
[INFO] Saving clip 1: start=96.51s, end=100.51s
[CLIPPER] Running FFmpeg: clip 1, duration=4.00s
[INFO] Saved: output\clip_01.mp4
[INFO] Saving clip 2: start=391.33s, end=395.33s
[CLIPPER] Running FFmpeg: clip 2, duration=4.00s
[INFO] Saved: output\clip_02.mp4
[INFO] Saving clip 3: start=1398.91s, end=1402.98s
[CLIPPER] Running FFmpeg: clip 3, duration=4.07s
[INFO] Saved: output\clip_03.mp4
PS D:\PROJECTS\valorant_highlight_agent> python -m agent.main --config configs/config.yaml
[INFO] Loading config from: configs/config.yaml
[INFO] Input video: videos/match1.mp4
[INFO] Output folder: output
[INFO] Starting highlight detection...
[INFO] Detected 2 highlight(s).
[INFO] Saving clip 1: start=96.51s, end=100.51s
[CLIPPER] Running FFmpeg: clip 1, duration=4.00s
[INFO] Saved: output\clip_01.mp4
[INFO] Saving clip 2: start=391.33s, end=395.33s
[CLIPPER] Running FFmpeg: clip 2, duration=4.00s
[INFO] Saved: output\clip_02.mp4
PS D:\PROJECTS\valorant_highlight_agent> python -m agent.main --config configs/config.yaml
[INFO] Loading config from: configs/config.yaml
[INFO] Input video: videos/match1.mp4
[INFO] Output folder: output
[INFO] Starting highlight detection...
Traceback (most recent call last):
  File "<frozen runpy>", line 198, in _run_module_as_main
  File "<frozen runpy>", line 88, in _run_code
  File "D:\PROJECTS\valorant_highlight_agent\agent\main.py", line 52, in <module>
    main(args.config)
  File "D:\PROJECTS\valorant_highlight_agent\agent\main.py", line 22, in main
    clips = detector.detect(input_video)
            ^^^^^^^^^^^^^^^^^^^^^^^^^^^^
  File "D:\PROJECTS\valorant_highlight_agent\agent\detector.py", line 26, in detect
    gray = cv2.cvtColor(frame, cv2.COLOR_BGR2GRAY)
           ^^^^^^^^^^^^^^^^^^^^^^^^^^^^^^^^^^^^^^^
KeyboardInterrupt
PS D:\PROJECTS\valorant_highlight_agent> ^C
PS D:\PROJECTS\valorant_highlight_agent>
PS D:\PROJECTS\valorant_highlight_agent>
PS D:\PROJECTS\valorant_highlight_agent>
PS D:\PROJECTS\valorant_highlight_agent>
PS D:\PROJECTS\valorant_highlight_agent>
PS D:\PROJECTS\valorant_highlight_agent>
PS D:\PROJECTS\valorant_highlight_agent>
PS D:\PROJECTS\valorant_highlight_agent> python -m agent.main --config configs/config.yaml
[INFO] Loading config from: configs/config.yaml
[INFO] Input video: videos/match1.mp4
[INFO] Output folder: output
[INFO] Starting highlight detection...
[INFO] Detected 2 highlight(s).
[INFO] Saving clip 1: start=53.51s, end=143.51s
[CLIPPER] Running FFmpeg: clip 1, duration=90.00s
[INFO] Saved: output\clip_01.mp4
[INFO] Saving clip 2: start=348.33s, end=438.33s
[CLIPPER] Running FFmpeg: clip 2, duration=90.00s
[INFO] Saved: output\clip_02.mp4
D:\PROJECTS\valorant_highlight_agent>